// Jest Snapshot v1, https://goo.gl/fbAQLP

exports[`<Profile /> should render Profile component 1`] = `ShallowWrapper {}`;
