// Jest Snapshot v1, https://goo.gl/fbAQLP

exports[`<Footer /> should render Footer component 1`] = `ShallowWrapper {}`;
