// Jest Snapshot v1, https://goo.gl/fbAQLP

exports[`<GetOffices /> should render GetOffices component 1`] = `ShallowWrapper {}`;
