// Jest Snapshot v1, https://goo.gl/fbAQLP

exports[`<Register /> should render Register component 1`] = `ShallowWrapper {}`;
