// Jest Snapshot v1, https://goo.gl/fbAQLP

exports[`<App /> renders one <App /> component 1`] = `ShallowWrapper {}`;
