// Jest Snapshot v1, https://goo.gl/fbAQLP

exports[`<Menu /> should render Menu component 1`] = `ShallowWrapper {}`;
