// Jest Snapshot v1, https://goo.gl/fbAQLP

exports[`<spinLoader /> should render spinLoader component 1`] = `ShallowWrapper {}`;
