// Jest Snapshot v1, https://goo.gl/fbAQLP

exports[`<Party /> should render Party component 1`] = `ShallowWrapper {}`;
