// Jest Snapshot v1, https://goo.gl/fbAQLP

exports[`<Vote /> should render vote component 1`] = `ShallowWrapper {}`;
