// Jest Snapshot v1, https://goo.gl/fbAQLP

exports[`<CreateParty /> should render CreateParty component 1`] = `ShallowWrapper {}`;
