// Jest Snapshot v1, https://goo.gl/fbAQLP

exports[`<Parties /> should render Parties component 1`] = `ShallowWrapper {}`;
